// Jest Snapshot v1, https://goo.gl/fbAQLP

exports[`Create Post component should render the component 1`] = `
<div
  className="wrapper"
>
  <div
    className="form"
  >
    <h1
      className="title"
    >
      What's on your mind?
    </h1>
    <form
      className="form"
      onSubmit={[Function]}
    >
      <label
        className="label"
      >
        Post title:
      </label>
      <input
        onChange={[Function]}
        placeholder="e.g. What do you think about ...?"
        type="text"
      />
      <ErrorMessage
        error=""
      />
      <textarea
        className="text"
        onChange={[Function]}
      />
      <ErrorMessage
        error=""
      />
      <label
        className="label"
      >
        Category:
      </label>
      <select
        className="options"
        onChange={[Function]}
        value="entertainment"
      >
        <option
          value="sports"
        >
          Sports
        </option>
        <option
          value="entertainment"
        >
          Entertainment
        </option>
        <option
          value="education"
        >
          Education
        </option>
        <option
          value="technology"
        >
          Technology
        </option>
        <option
          value="other"
        >
          Other
        </option>
      </select>
      <button
        disabled={true}
        type="submit"
      >
        Post
      </button>
    </form>
  </div>
</div>
`;
