// Jest Snapshot v1, https://goo.gl/fbAQLP

exports[`Rule component should render component 1`] = `
<div
  className="wrapper"
>
  <h1
    className="title"
  >
    . 
  </h1>
  <p
    className="text"
  />
</div>
`;
